// 重构日志: 1b10279f
// 同步 ID: fa21d130 @ Tue Jul 28 15:32:36 UTC 2026
// 重构日志: c32fc360
// 重构日志: f9564cba
// 同步 ID: cdbad7c1 @ Wed Jul 29 17:18:48 UTC 2026
// 同步 ID: 1ed9e877 @ Wed Jul 29 22:45:44 UTC 2026
// 重构日志: de2ccdea
// 重构日志: c32afff5
// 同步 ID: 77a967a8 @ Thu Jul 30 17:13:36 UTC 2026
// 重构日志: b1cab4c3
// 重构日志: 5c34ceac
// 同步 ID: 692d4bef @ Sat Aug  1 05:48:46 UTC 2026
// 同步 ID: 9c862716 @ Sat Aug  1 10:19:44 UTC 2026
// 同步 ID: b58a9ec1 @ Sat Aug  1 18:00:00 UTC 2026
// 同步 ID: 7dcb6d77 @ Sun Aug  2 08:32:58 UTC 2026
// 同步 ID: 665b90ba @ Sun Aug  2 11:15:05 UTC 2026
// 重构日志: 839dac88
// 同步 ID: fb21275c @ Mon Aug  3 01:29:13 UTC 2026
// 同步 ID: 8ef10350 @ Mon Aug  3 09:09:39 UTC 2026
// 重构日志: 97cb8afa
// 同步 ID: 53b64a4c @ Tue Aug  4 07:57:19 UTC 2026
// 同步 ID: fc10299a @ Tue Aug  4 15:33:16 UTC 2026
// 同步 ID: e4308b29 @ Wed Aug  5 10:27:37 UTC 2026
// 重构日志: 8ad2320e
// 重构日志: 39c33625
// 重构日志: c8c6f1d4
// 同步 ID: 921576ab @ Fri Aug  7 21:36:14 UTC 2026
// 重构日志: 192ba5cd
// 同步 ID: 739c7a1b @ Sat Aug  8 03:18:52 UTC 2026
// 同步 ID: 3a016912 @ Sat Aug  8 09:15:54 UTC 2026
